// Jest Snapshot v1, https://goo.gl/fbAQLP

exports[`<WhatsappButton /> should match snapshot 1`] = `
<div>
  <a
    class="flex gap-[0.625rem] items-center px-4 py-1 rounded bg-secondary w-min"
    href="https://www.whatsapp.com/"
    rel="noreferrer"
    target="_blank"
  >
    <span
      style="box-sizing: border-box; display: inline-block; overflow: hidden; width: 22px; height: 22px; background: none; opacity: 1; border: 0px; margin: 0px; padding: 0px; position: relative;"
    >
      <img
        alt="alt text"
        data-nimg="fixed"
        decoding="async"
        src="data:image/gif;base64,R0lGODlhAQABAIAAAAAAAP///yH5BAEAAAAALAAAAAABAAEAAAIBRAA7"
        style="position: absolute; top: 0px; left: 0px; bottom: 0px; right: 0px; box-sizing: border-box; padding: 0px; margin: auto; display: block; width: 0px; height: 0px; min-width: 100%; max-width: 100%; min-height: 100%; max-height: 100%;"
      />
      <noscript />
    </span>
    <span
      class="font-bold text-lg capitalize text-gray-700"
    >
      contato
    </span>
  </a>
</div>
`;
